[2026-03-25 12:37:47] ============================================================
[2026-03-25 12:37:47] TIKTOK TRENDS PIPELINE - STARTING
[2026-03-25 12:37:47] ============================================================
[2026-03-25 12:37:47] 
[STEP 1/3] Running scrapers...
[2026-03-25 12:37:47] === Starting full scrape: 2026-03-25_123747 ===
[2026-03-25 12:37:47] --- Scraping public trend pages ---
[2026-03-25 12:37:47]   Fetching: Shopify TikTok Products
[2026-03-25 12:37:47]   Attempt 1/3 failed for https://www.shopify.com/blog/tiktok-products: <urlopen error Tunnel connection failed: 403 Forbidden>
[2026-03-25 12:37:48]   Attempt 2/3 failed for https://www.shopify.com/blog/tiktok-products: <urlopen error Tunnel connection failed: 403 Forbidden>
[2026-03-25 12:37:50]   Attempt 3/3 failed for https://www.shopify.com/blog/tiktok-products: <urlopen error Tunnel connection failed: 403 Forbidden>
[2026-03-25 12:37:50]   FAILED: Shopify TikTok Products
[2026-03-25 12:37:50]   Fetching: Printify TikTok Trending
[2026-03-25 12:37:50]   Attempt 1/3 failed for https://printify.com/blog/tiktok-trending-products/: <urlopen error Tunnel connection failed: 403 Forbidden>
[2026-03-25 12:37:51]   Attempt 2/3 failed for https://printify.com/blog/tiktok-trending-products/: <urlopen error Tunnel connection failed: 403 Forbidden>
[2026-03-25 12:37:53]   Attempt 3/3 failed for https://printify.com/blog/tiktok-trending-products/: <urlopen error Tunnel connection failed: 403 Forbidden>
[2026-03-25 12:37:53]   FAILED: Printify TikTok Trending
[2026-03-25 12:37:53]   Fetching: LitCommerce Viral TikTok Products
[2026-03-25 12:37:54]   Attempt 1/3 failed for https://litcommerce.com/blog/viral-tiktok-products-to-sell/: <urlopen error Tunnel connection failed: 403 Forbidden>
[2026-03-25 12:37:55]   Attempt 2/3 failed for https://litcommerce.com/blog/viral-tiktok-products-to-sell/: <urlopen error Tunnel connection failed: 403 Forbidden>
[2026-03-25 12:37:57]   Attempt 3/3 failed for https://litcommerce.com/blog/viral-tiktok-products-to-sell/: <urlopen error Tunnel connection failed: 403 Forbidden>
[2026-03-25 12:37:57]   FAILED: LitCommerce Viral TikTok Products
[2026-03-25 12:37:57]   Fetching: Accio TikTok Hot Selling
[2026-03-25 12:37:57]   Attempt 1/3 failed for https://www.accio.com/business/tiktok-hot-selling-2026: <urlopen error Tunnel connection failed: 403 Forbidden>
[2026-03-25 12:37:58]   Attempt 2/3 failed for https://www.accio.com/business/tiktok-hot-selling-2026: <urlopen error Tunnel connection failed: 403 Forbidden>
[2026-03-25 12:38:00]   Attempt 3/3 failed for https://www.accio.com/business/tiktok-hot-selling-2026: <urlopen error Tunnel connection failed: 403 Forbidden>
[2026-03-25 12:38:00]   FAILED: Accio TikTok Hot Selling
[2026-03-25 12:38:00]   Fetching: Darkroom Agency TikTok Products
[2026-03-25 12:38:00]   Attempt 1/3 failed for https://www.darkroomagency.com/observatory/the-best-tiktok-products-to-sell-in-2026-what-actually-works-on-tiktok-shop: <urlopen error Tunnel connection failed: 403 Forbidden>
[2026-03-25 12:38:01]   Attempt 2/3 failed for https://www.darkroomagency.com/observatory/the-best-tiktok-products-to-sell-in-2026-what-actually-works-on-tiktok-shop: <urlopen error Tunnel connection failed: 403 Forbidden>
[2026-03-25 12:38:03]   Attempt 3/3 failed for https://www.darkroomagency.com/observatory/the-best-tiktok-products-to-sell-in-2026-what-actually-works-on-tiktok-shop: <urlopen error Tunnel connection failed: 403 Forbidden>
[2026-03-25 12:38:03]   FAILED: Darkroom Agency TikTok Products
[2026-03-25 12:38:03]   Fetching: FindNiche TikTok Shop Products
[2026-03-25 12:38:03]   Attempt 1/3 failed for https://findniche.com/blog/best-tiktok-shop-products-to-sell-in-2025-with-trends-data-real-examples: <urlopen error Tunnel connection failed: 403 Forbidden>
[2026-03-25 12:38:04]   Attempt 2/3 failed for https://findniche.com/blog/best-tiktok-shop-products-to-sell-in-2025-with-trends-data-real-examples: <urlopen error Tunnel connection failed: 403 Forbidden>
[2026-03-25 12:38:06]   Attempt 3/3 failed for https://findniche.com/blog/best-tiktok-shop-products-to-sell-in-2025-with-trends-data-real-examples: <urlopen error Tunnel connection failed: 403 Forbidden>
[2026-03-25 12:38:06]   FAILED: FindNiche TikTok Shop Products
[2026-03-25 12:38:06]   Fetching: QuickSync TikTok Shop Trending
[2026-03-25 12:38:06]   Attempt 1/3 failed for https://quicksync.pro/blog/tiktok-shop-trending-products-2026/: <urlopen error Tunnel connection failed: 403 Forbidden>
[2026-03-25 12:38:07]   Attempt 2/3 failed for https://quicksync.pro/blog/tiktok-shop-trending-products-2026/: <urlopen error Tunnel connection failed: 403 Forbidden>
[2026-03-25 12:38:09]   Attempt 3/3 failed for https://quicksync.pro/blog/tiktok-shop-trending-products-2026/: <urlopen error Tunnel connection failed: 403 Forbidden>
[2026-03-25 12:38:09]   FAILED: QuickSync TikTok Shop Trending
[2026-03-25 12:38:09] --- Scraping TikTok Creative Center ---
[2026-03-25 12:38:09]   Attempt 1/3 failed for https://ads.tiktok.com/business/creativecenter/inspiration/popular/pc/en: <urlopen error Tunnel connection failed: 403 Forbidden>
[2026-03-25 12:38:10]   Attempt 2/3 failed for https://ads.tiktok.com/business/creativecenter/inspiration/popular/pc/en: <urlopen error Tunnel connection failed: 403 Forbidden>
[2026-03-25 12:38:12]   Attempt 3/3 failed for https://ads.tiktok.com/business/creativecenter/inspiration/popular/pc/en: <urlopen error Tunnel connection failed: 403 Forbidden>
[2026-03-25 12:38:12]   FAILED: https://ads.tiktok.com/business/creativecenter/inspiration/popular/pc/en
[2026-03-25 12:38:13]   Attempt 1/3 failed for https://ads.tiktok.com/business/creativecenter/pc/en: <urlopen error Tunnel connection failed: 403 Forbidden>
[2026-03-25 12:38:14]   Attempt 2/3 failed for https://ads.tiktok.com/business/creativecenter/pc/en: <urlopen error Tunnel connection failed: 403 Forbidden>
[2026-03-25 12:38:16]   Attempt 3/3 failed for https://ads.tiktok.com/business/creativecenter/pc/en: <urlopen error Tunnel connection failed: 403 Forbidden>
[2026-03-25 12:38:16]   FAILED: https://ads.tiktok.com/business/creativecenter/pc/en
[2026-03-25 12:38:17] --- Scraping trending hashtag insights ---
[2026-03-25 12:38:17]   Attempt 1/3 failed for https://www.tiktok.com/tag/tiktokmademebuyit: <urlopen error Tunnel connection failed: 403 Forbidden>
[2026-03-25 12:38:18]   Attempt 2/3 failed for https://www.tiktok.com/tag/tiktokmademebuyit: <urlopen error Tunnel connection failed: 403 Forbidden>
[2026-03-25 12:38:20]   Attempt 3/3 failed for https://www.tiktok.com/tag/tiktokmademebuyit: <urlopen error Tunnel connection failed: 403 Forbidden>
[2026-03-25 12:38:20]   FAILED: #TikTokMadeMeBuyIt
[2026-03-25 12:38:22]   Attempt 1/3 failed for https://www.tiktok.com/tag/tiktokshopfinds: <urlopen error Tunnel connection failed: 403 Forbidden>
[2026-03-25 12:38:23]   Attempt 2/3 failed for https://www.tiktok.com/tag/tiktokshopfinds: <urlopen error Tunnel connection failed: 403 Forbidden>
[2026-03-25 12:38:25]   Attempt 3/3 failed for https://www.tiktok.com/tag/tiktokshopfinds: <urlopen error Tunnel connection failed: 403 Forbidden>
[2026-03-25 12:38:25]   FAILED: #TikTokShopFinds
[2026-03-25 12:38:26]   Attempt 1/3 failed for https://www.tiktok.com/tag/tiktokshop: <urlopen error Tunnel connection failed: 403 Forbidden>
[2026-03-25 12:38:27]   Attempt 2/3 failed for https://www.tiktok.com/tag/tiktokshop: <urlopen error Tunnel connection failed: 403 Forbidden>
[2026-03-25 12:38:29]   Attempt 3/3 failed for https://www.tiktok.com/tag/tiktokshop: <urlopen error Tunnel connection failed: 403 Forbidden>
[2026-03-25 12:38:29]   FAILED: #TikTokShop
[2026-03-25 12:38:31]   Attempt 1/3 failed for https://www.tiktok.com/tag/viralproducts: <urlopen error Tunnel connection failed: 403 Forbidden>
[2026-03-25 12:38:32]   Attempt 2/3 failed for https://www.tiktok.com/tag/viralproducts: <urlopen error Tunnel connection failed: 403 Forbidden>
[2026-03-25 12:38:34]   Attempt 3/3 failed for https://www.tiktok.com/tag/viralproducts: <urlopen error Tunnel connection failed: 403 Forbidden>
[2026-03-25 12:38:34]   FAILED: #ViralProducts
[2026-03-25 12:38:35]   Attempt 1/3 failed for https://www.tiktok.com/tag/tiktoktrending: <urlopen error Tunnel connection failed: 403 Forbidden>
[2026-03-25 12:38:36]   Attempt 2/3 failed for https://www.tiktok.com/tag/tiktoktrending: <urlopen error Tunnel connection failed: 403 Forbidden>
[2026-03-25 12:38:38]   Attempt 3/3 failed for https://www.tiktok.com/tag/tiktoktrending: <urlopen error Tunnel connection failed: 403 Forbidden>
[2026-03-25 12:38:38]   FAILED: #TikTokTrending
[2026-03-25 12:38:40]   Attempt 1/3 failed for https://www.tiktok.com/tag/amazonfinds: <urlopen error Tunnel connection failed: 403 Forbidden>
[2026-03-25 12:38:41]   Attempt 2/3 failed for https://www.tiktok.com/tag/amazonfinds: <urlopen error Tunnel connection failed: 403 Forbidden>
[2026-03-25 12:38:43]   Attempt 3/3 failed for https://www.tiktok.com/tag/amazonfinds: <urlopen error Tunnel connection failed: 403 Forbidden>
[2026-03-25 12:38:43]   FAILED: #AmazonFinds
[2026-03-25 12:38:45]   Attempt 1/3 failed for https://www.tiktok.com/tag/beautytok: <urlopen error Tunnel connection failed: 403 Forbidden>
[2026-03-25 12:38:46]   Attempt 2/3 failed for https://www.tiktok.com/tag/beautytok: <urlopen error Tunnel connection failed: 403 Forbidden>
[2026-03-25 12:38:48]   Attempt 3/3 failed for https://www.tiktok.com/tag/beautytok: <urlopen error Tunnel connection failed: 403 Forbidden>
[2026-03-25 12:38:48]   FAILED: #BeautyTok
[2026-03-25 12:38:49]   Attempt 1/3 failed for https://www.tiktok.com/tag/cleantok: <urlopen error Tunnel connection failed: 403 Forbidden>
[2026-03-25 12:38:50]   Attempt 2/3 failed for https://www.tiktok.com/tag/cleantok: <urlopen error Tunnel connection failed: 403 Forbidden>
[2026-03-25 12:38:52]   Attempt 3/3 failed for https://www.tiktok.com/tag/cleantok: <urlopen error Tunnel connection failed: 403 Forbidden>
[2026-03-25 12:38:52]   FAILED: #CleanTok
[2026-03-25 12:38:54]   Attempt 1/3 failed for https://www.tiktok.com/tag/skintok: <urlopen error Tunnel connection failed: 403 Forbidden>
[2026-03-25 12:38:55]   Attempt 2/3 failed for https://www.tiktok.com/tag/skintok: <urlopen error Tunnel connection failed: 403 Forbidden>
[2026-03-25 12:38:57]   Attempt 3/3 failed for https://www.tiktok.com/tag/skintok: <urlopen error Tunnel connection failed: 403 Forbidden>
[2026-03-25 12:38:57]   FAILED: #SkinTok
[2026-03-25 12:38:58]   Attempt 1/3 failed for https://www.tiktok.com/tag/techtok: <urlopen error Tunnel connection failed: 403 Forbidden>
[2026-03-25 12:38:59]   Attempt 2/3 failed for https://www.tiktok.com/tag/techtok: <urlopen error Tunnel connection failed: 403 Forbidden>
[2026-03-25 12:39:01]   Attempt 3/3 failed for https://www.tiktok.com/tag/techtok: <urlopen error Tunnel connection failed: 403 Forbidden>
[2026-03-25 12:39:01]   FAILED: #TechTok
[2026-03-25 12:39:03] Raw data saved to: /home/user/priv/tiktok-trends/data/raw/scrape_2026-03-25.json
[2026-03-25 12:39:03] Enriched data saved to: /home/user/priv/tiktok-trends/data/raw/scrape_2026-03-25_enriched.json
[2026-03-25 12:39:03] === Scrape complete: 0 product categories ranked ===
[2026-03-25 12:39:03] Scraping complete. 0 categories ranked.
[2026-03-25 12:39:03] 
[STEP 2/3] Generating reports...
[2026-03-25 12:39:03] Reports generated at: /home/user/priv/tiktok-trends/data/reports/2026-03-25
[2026-03-25 12:39:03] 
[STEP 3/3] Archiving old data...
[2026-03-25 12:39:03] 
============================================================
[2026-03-25 12:39:03] PIPELINE COMPLETE in 75.5s
[2026-03-25 12:39:03] ============================================================
